// Jest Snapshot v1, https://goo.gl/fbAQLP

exports[`renders correctly 1`] = `
<footer
  className="footer diorama-footer "
  style={Object {}}
>
  <div
    className="left diorama-footer-left"
  >
    @sambego
  </div>
</footer>
`;
