// Jest Snapshot v1, https://goo.gl/fbAQLP

exports[`renders correctly 1`] = `
<span
  className="highlight diorama-highlight "
  style={
    Object {
      "backgroundColor": undefined,
    }
  }
>
  Highlighted text
</span>
`;
