// Jest Snapshot v1, https://goo.gl/fbAQLP

exports[`renders correctly 1`] = `
<div
  className="container diorama-image-container"
>
  <img
    alt="image description"
    className="image diorama-image"
    src="test-file-stub"
    style={Object {}}
  />
</div>
`;
