// Jest Snapshot v1, https://goo.gl/fbAQLP

exports[`renders correctly 1`] = `
<div
  className="slide diorama-slide"
  style={Object {}}
>
  Slide content
</div>
`;
