// Jest Snapshot v1, https://goo.gl/fbAQLP

exports[`renders correctly 1`] = `
<h2
  className="subtitle diorama-subtitle"
  style={Object {}}
>
  Subtitle content
</h2>
`;
