// Jest Snapshot v1, https://goo.gl/fbAQLP

exports[`renders correctly 1`] = `
<p
  className="text diorama-text"
  style={Object {}}
>
  Text content
</p>
`;
