// Jest Snapshot v1, https://goo.gl/fbAQLP

exports[`renders correctly 1`] = `
<h1
  className="title diorama-title"
  style={Object {}}
>
  Title content
</h1>
`;
